  Scene3D.cpp
D:\Engine\My Engine\My Engine Core\src\graphics\Window.h(2,9): warning C4067: 预处理器指令后有意外标记 - 应输入换行符
  (编译源文件“src/Scene3D.cpp”)
  
D:\Engine\My Engine\My Engine Core\src\Scene3D.cpp(60,52): warning C4305: “参数”: 从“double”到“float”截断
D:\Engine\My Engine\My Engine Core\src\Scene3D.cpp(61,55): warning C4305: “参数”: 从“double”到“float”截断
D:\Engine\My Engine\My Engine Core\src\Scene3D.cpp(68,53): warning C4305: “参数”: 从“double”到“float”截断
D:\Engine\My Engine\My Engine Core\src\Scene3D.cpp(69,56): warning C4305: “参数”: 从“double”到“float”截断
D:\Engine\My Engine\My Engine Core\src\Scene3D.cpp(81,50): warning C4305: “参数”: 从“double”到“float”截断
D:\Engine\My Engine\My Engine Core\src\Scene3D.cpp(82,53): warning C4305: “参数”: 从“double”到“float”截断
D:\Engine\My Engine\My Engine Core\src\Scene3D.cpp(87,55): warning C4305: “参数”: 从“double”到“float”截断
D:\Engine\My Engine\My Engine Core\src\Scene3D.cpp(88,58): warning C4305: “参数”: 从“double”到“float”截断
  Mesh.cpp
  MeshFactory.cpp
  model.cpp
  Renderable3D.cpp
  Renderer.cpp
  main.cpp
D:\Engine\My Engine\My Engine Core\src\graphics\Window.h(2,9): warning C4067: 预处理器指令后有意外标记 - 应输入换行符
  (编译源文件“src/main.cpp”)
  
D:\Engine\My Engine\My Engine Core\src\main.cpp(125,16): warning C4244: “初始化”: 从“int”转换到“GLfloat”，可能丢失数据
D:\Engine\My Engine\My Engine Core\src\main.cpp(126,16): warning C4244: “初始化”: 从“int”转换到“GLfloat”，可能丢失数据
D:\Engine\My Engine\My Engine Core\src\main.cpp(135,28): warning C4244: “=”: 从“double”转换到“GLfloat”，可能丢失数据
D:\Engine\My Engine\My Engine Core\src\main.cpp(136,28): warning C4244: “=”: 从“double”转换到“GLfloat”，可能丢失数据
D:\Engine\My Engine\My Engine Core\src\main.cpp(139,65): warning C4244: “参数”: 从“double”转换到“GLfloat”，可能丢失数据
D:\Engine\My Engine\My Engine Core\src\main.cpp(139,50): warning C4244: “参数”: 从“double”转换到“GLfloat”，可能丢失数据
D:\Engine\My Engine\My Engine Core\src\main.cpp(140,27): warning C4244: “=”: 从“double”转换到“GLfloat”，可能丢失数据
D:\Engine\My Engine\My Engine Core\src\main.cpp(141,27): warning C4244: “=”: 从“double”转换到“GLfloat”，可能丢失数据
D:\Engine\My Engine\My Engine Core\src\main.cpp(144,78): warning C4244: “参数”: 从“GLdouble”转换到“GLfloat”，可能丢失数据
D:\Engine\My Engine\My Engine Core\src\main.cpp(146,79): warning C4244: “参数”: 从“GLdouble”转换到“GLfloat”，可能丢失数据
D:\Engine\My Engine\My Engine Core\src\main.cpp(148,75): warning C4244: “参数”: 从“GLdouble”转换到“GLfloat”，可能丢失数据
D:\Engine\My Engine\My Engine Core\src\main.cpp(150,76): warning C4244: “参数”: 从“GLdouble”转换到“GLfloat”，可能丢失数据
D:\Engine\My Engine\My Engine Core\src\main.cpp(152,78): warning C4244: “参数”: 从“GLdouble”转换到“GLfloat”，可能丢失数据
D:\Engine\My Engine\My Engine Core\src\main.cpp(154,80): warning C4244: “参数”: 从“GLdouble”转换到“GLfloat”，可能丢失数据
D:\Engine\My Engine\My Engine Core\src\main.cpp(157,49): warning C4244: “参数”: 从“double”转换到“GLfloat”，可能丢失数据
D:\Engine\My Engine\My Engine Core\src\main.cpp(169,40): warning C4244: “参数”: 从“GLdouble”转换到“float”，可能丢失数据
  Framebuffer.cpp
  Terrain.cpp
D:\Engine\My Engine\My Engine Core\src\terrain\Terrain.cpp(102,19): warning C4018: “>=”: 有符号/无符号不匹配
D:\Engine\My Engine\My Engine Core\src\terrain\Terrain.cpp(102,54): warning C4018: “>=”: 有符号/无符号不匹配
  正在生成代码...
glew32s.lib(glew.obj) : warning LNK4099: 未找到 PDB“”(使用“glew32s.lib(glew.obj)”或在“”中寻找)；正在链接对象，如同没有调试信息一样
LINK : warning LNK4098: 默认库“MSVCRT”与其他库的使用冲突；请使用 /NODEFAULTLIB:library
LINK : warning LNK4098: 默认库“LIBCMT”与其他库的使用冲突；请使用 /NODEFAULTLIB:library
  My Engine Core.vcxproj -> D:\Engine\My Engine\x64\Debug\My Engine Core.exe
  'pwsh.exe' 不是内部或外部命令，也不是可运行的程序
  或批处理文件。
